exports[`test Renders ok. 1`] = `
<span
  className="goals">
  4
</span>
`;
