exports[`test Renders ok. 1`] = `
<span
  className="teams">
  Arsenal
</span>
`;
