exports[`test Renders rankings ok. 1`] = `
<div
  className="container ranking">
  <h1
    className="heading">
    Excellent Referee
  </h1>
</div>
`;
