exports[`test Renders score ok. 1`] = `
<div
  className="container centred">
  <h1
    className="heading">
    Your Score!
  </h1>
  <h2
    className="score">
    4000
  </h2>
</div>
`;
