exports[`test Writes a graph when it has data. 1`] = `"<svg width=\"100%\" height=\"24px\"><g transform=\"translate(0,8)\"><text dy=\"-1\" style=\"font-size: 10px;\">Yes</text><rect height=\"3\" fill=\"#51A8B5\" width=\"NaN\"></rect></g><g transform=\"translate(0,20)\"><text dy=\"-1\" style=\"font-size: 10px;\">No</text><rect height=\"3\" fill=\"rgba(60,90,150,1)\" width=\"NaN\"></rect></g></svg>"`;
