exports[`test MatchList section 1`] = `"<MatchList />"`;
