exports[`test RefereePage section 1`] = `"<RefereePage />"`;
