exports[`test StatsPage section 1`] = `"<StatsPage params={{...}} />"`;
