exports[`test TeamSheetPage section 1`] = `"<TeamSheetPage params={{...}} />"`;
