exports[`test Is null when data is 0. 1`] = `"<div class=\"results-indicator\"><!-- react-empty: 2 --></div>"`;

exports[`test Writes a graph when it has data. 1`] = `"<div class=\"results-indicator\"><svg width=\"100%\" height=\"24px\"><g transform=\"translate(0,8)\"><text dy=\"-1\" style=\"font-size: 10px;\">Yes</text><rect height=\"3\" fill=\"#66d3e4\" width=\"NaN\"></rect></g><g transform=\"translate(0,20)\"><text dy=\"-1\" style=\"font-size: 10px;\">No</text><rect height=\"3\" fill=\"rgba(60,90,150,1)\" width=\"NaN\"></rect></g></svg></div>"`;
