exports[`test Version matches the version.json file. 1`] = `
<div
  className="splash">
  <h1
    className="brand">
    CouchRef
  </h1>
  <h3
    className="version">
    v0.0.0
  </h3>
</div>
`;
