exports[`test Should generate the right score summary. 1`] = `"<div class=\"match-rating\"><h3>Overall Match Rating</h3><h2><!-- react-text: 4 -->+<!-- /react-text --><!-- react-text: 5 -->300<!-- /react-text --></h2></div>"`;
